Microchip MPLAB XC8 Compiler V2.20

Linker command line:

-W-3 --edf=C:\Program Files\Microchip\xc8\v2.20\pic\dat\en_msgs.txt -cn \
  -h+dist/default/production\swift_act_proj.X.production.sym \
  --cmf=dist/default/production\swift_act_proj.X.production.cmf -z \
  -Q16F877A -oC:\Users\Garmoosh\AppData\Local\Temp\s62o.2 \
  --defsym=__MPLAB_BUILD=1 \
  -Mdist/default/production/swift_act_proj.X.production.map -E1 \
  -ver=XC8 Compiler --acfsm=1493 -ASTACK=0110h-016Fh -pstack=STACK \
  -ACODE=00h-07FFhx4 -ASTRCODE=00h-01FFFh -ASTRING=00h-0FFhx32 \
  -ACONST=00h-0FFhx32 -AENTRY=00h-0FFhx32 -ACOMMON=070h-07Fh \
  -ABANK0=020h-06Fh -ABANK1=0A0h-0EFh -ABANK2=0110h-016Fh \
  -ABANK3=0190h-01EFh -ARAM=020h-06Fh,0A0h-0EFh,0110h-016Fh,0190h-01EFh \
  -AABS1=020h-07Fh,0A0h-0EFh,0110h-016Fh,0190h-01EFh -ASFR0=00h-01Fh \
  -ASFR1=080h-09Fh -ASFR2=0100h-010Fh -ASFR3=0180h-018Fh \
  -ACONFIG=02007h-02007h -DCONFIG=2 -AIDLOC=02000h-02003h -DIDLOC=2 \
  -preset_vec=00h,intentry=04h,init,end_init -ppowerup=CODE -pcinit=CODE \
  -pfunctab=ENTRY -AEEDATA=00h-0FFh/02100h -peeprom_data=EEDATA -DEEDATA=2 \
  -DCODE=2 -DSTRCODE=2 -DSTRING=2 -DCONST=2 -DENTRY=2 -k \
  C:\Users\Garmoosh\AppData\Local\Temp\s62o.o \
  dist/default/production\swift_act_proj.X.production.o 

Object code version is 3.11

Machine type is 16F877A



                Name                               Link     Load   Length Selector   Space Scale
C:\Users\Garmoosh\AppData\Local\Temp\s62o.o
                end_init                             12       12        3        8       0
                reset_vec                             0        0        3        0       0
                config                             2007     2007        1        0       4
dist/default/production\swift_act_proj.X.production.o
                cinit                                15       15       27        8       0
                intentry                              4        4        E        8       0
                config                             2007     2007        1        0       4
                text27                              6AE      6AE       44        8       0
                text26                              164      164      112        8       0
                text25                              5AA      5AA       67        8       0
                text24                              611      611       59        8       0
                text23                              769      769       31        8       0
                text22                              F76      F76        4     1EEC       0
                text21                               3C       3C      128        8       0
                text20                              66A      66A       44        8       0
                text19                              731      731       38        8       0
                text18                              FC0      FC0        D     1F80       0
                text17                              79A      79A       20        8       0
                text16                              F91      F91        9     1F22       0
                text15                              F9A      F9A        9     1F34       0
                text14                              FA3      FA3        9     1F46       0
                text13                              7D9      7D9       16        8       0
                text12                              46A      46A       6F        8       0
                text11                              6F2      6F2       3F        8       0
                text10                              F82      F82        7     1F04       0
                text9                               F7A      F7A        4     1EF4       0
                text8                               F7E      F7E        4     1EFC       0
                text7                               3D3      3D3       97        8       0
                text6                               FCD      FCD       10     1F9A       0
                text5                               7BA      7BA       1F        8       0
                text4                               542      542       68        8       0
                text3                               276      276       BE        8       0
                text2                               FDD      FDD       10     1FBA       0
                text1                               4D9      4D9       69        8       0
                maintext                            334      334       9F        8       0
                cstackBANK0                          20       20       2C       20       1
                cstackCOMMON                         70       70        E       70       1
                cstackBANK1                          A9       A9        5       A0       1
                clrtext                             F89      F89        8     1F12       0
                inittext                            FED      FED       13     1FDA       0
                dataBANK1                            A0       A0        9       A0       1
                dataBANK0                            5E       5E        B       20       1
                bssBANK0                             4C       4C       12       20       1
                strings                             7EF      7EF       10      FDE       0
                idataBANK1                          FAC      FAC        9     1F58       0
                idataBANK0                          FB5      FB5        B     1F6A       0

TOTAL           Name                               Link     Load   Length     Space
        CLASS   STACK          

        CLASS   CODE           
                end_init                             12       12        3         0
                cinit                                15       15       27         0
                intentry                              4        4        E         0
                reset_vec                             0        0        3         0
                text27                              6AE      6AE       44         0
                text26                              164      164      112         0
                text25                              5AA      5AA       67         0
                text24                              611      611       59         0
                text23                              769      769       31         0
                text22                              F76      F76        4         0
                text21                               3C       3C      128         0
                text20                              66A      66A       44         0
                text19                              731      731       38         0
                text18                              FC0      FC0        D         0
                text17                              79A      79A       20         0
                text16                              F91      F91        9         0
                text15                              F9A      F9A        9         0
                text14                              FA3      FA3        9         0
                text13                              7D9      7D9       16         0
                text12                              46A      46A       6F         0
                text11                              6F2      6F2       3F         0
                text10                              F82      F82        7         0
                text9                               F7A      F7A        4         0
                text8                               F7E      F7E        4         0
                text7                               3D3      3D3       97         0
                text6                               FCD      FCD       10         0
                text5                               7BA      7BA       1F         0
                text4                               542      542       68         0
                text3                               276      276       BE         0
                text2                               FDD      FDD       10         0
                text1                               4D9      4D9       69         0
                maintext                            334      334       9F         0
                clrtext                             F89      F89        8         0
                inittext                            FED      FED       13         0
                idataBANK1                          FAC      FAC        9         0
                idataBANK0                          FB5      FB5        B         0

        CLASS   STRCODE        

        CLASS   STRING         
                strings                             7EF      7EF       10         0

        CLASS   CONST          

        CLASS   ENTRY          

        CLASS   COMMON         
                cstackCOMMON                         70       70        E         1

        CLASS   BANK0          
                cstackBANK0                          20       20       2C         1
                dataBANK0                            5E       5E        B         1
                bssBANK0                             4C       4C       12         1

        CLASS   BANK1          
                cstackBANK1                          A9       A9        5         1
                dataBANK1                            A0       A0        9         1

        CLASS   BANK2          

        CLASS   BANK3          

        CLASS   RAM            

        CLASS   ABS1           
                abs_s1                               7E       7E        2         1

        CLASS   SFR0           

        CLASS   SFR1           

        CLASS   SFR2           

        CLASS   SFR3           

        CLASS   CONFIG         
                config                             2007     2007        1         4

        CLASS   IDLOC          

        CLASS   EEDATA         



SEGMENTS        Name                           Load    Length   Top    Selector   Space  Class     Delta

                reset_vec                      000000  000003  000003         0       0  CODE        2
                intentry                       000004  0007EB  0007EF         8       0  CODE        2
                cstackBANK0                    000020  000049  000069        20       1  BANK0       1
                cstackCOMMON                   000070  00000E  00007E        70       1  COMMON      1
                dataBANK1                      0000A0  00000E  0000AE        A0       1  BANK1       1
                strings                        0007EF  000010  0007FF       FDE       0  STRING      2
                text22                         000F76  000004  000F7A      1EEC       0  CODE        2
                text9                          000F7A  000004  000F7E      1EF4       0  CODE        2
                text8                          000F7E  000004  000F82      1EFC       0  CODE        2
                text10                         000F82  000007  000F89      1F04       0  CODE        2
                clrtext                        000F89  000008  000F91      1F12       0  CODE        2
                text16                         000F91  000009  000F9A      1F22       0  CODE        2
                text15                         000F9A  000009  000FA3      1F34       0  CODE        2
                text14                         000FA3  000009  000FAC      1F46       0  CODE        2
                idataBANK1                     000FAC  000009  000FB5      1F58       0  CODE        2
                idataBANK0                     000FB5  00000B  000FC0      1F6A       0  CODE        2
                text18                         000FC0  00000D  000FCD      1F80       0  CODE        2
                text6                          000FCD  000010  000FDD      1F9A       0  CODE        2
                text2                          000FDD  000010  000FED      1FBA       0  CODE        2
                inittext                       000FED  000013  001000      1FDA       0  CODE        2


UNUSED ADDRESS RANGES

        Name                Unused          Largest block    Delta
        BANK0            0069-006F              7           1
        BANK1            00AE-00EF             42           1
        BANK2            0110-016F             60           1
        BANK3            0190-01EF             60           1
        CODE             0003-0003              1           2
                         07FF-0F75              1
                         1000-1FFF            800
        CONST            0003-0003              1           2
                         07FF-0F75            100
                         1000-1FFF            100
        EEDATA           2100-21FF            100           2
        ENTRY            0003-0003              1           2
                         07FF-0F75            100
                         1000-1FFF            100
        IDLOC            2000-2003              4           2
        RAM              0069-006F              7           1
                         00AE-00EF             42
                         0110-016F             60
                         0190-01EF             60
        SFR0             0000-001F             20           1
        SFR1             0080-009F             20           1
        SFR2             0100-010F             10           1
        SFR3             0180-018F             10           1
        STACK            0110-016F             60           1
        STRCODE          0003-0003              1           2
                         07FF-0F75            777
                         1000-1FFF           1000
        STRING           0003-0003              1           2
                         07FF-0F75            100
                         1000-1FFF            100

                                  Symbol Table

?___awdiv                              cstackCOMMON 0070
?___awmod                              cstackCOMMON 0070
?___lldiv                              cstackBANK0  0026
?___lwdiv                              cstackCOMMON 0070
?_eepByteRead                          cstackBANK0  0027
ADC_IRQ_Handler@heat_led_count         bssBANK0     004F
ADC_IRQ_Handler@heat_led_toggle        bssBANK0     004E
ADC_IRQ_Handler@temp_count             bssBANK0     0050
ADC_IRQ_Handler@temp_rsum              bssBANK0     004C
ADC_Init@config_s_ptr                  cstackBANK0  002A
I2C_Init@i2ch                          cstackBANK0  0038
I2C_Receive_NACK@temp                  cstackBANK0  0026
I2C_Transmit@bval                      cstackBANK0  0026
TIMER1_IRQ_Handler@last_clicked_button bssBANK0     0055
TIMER1_IRQ_Handler@sig_blink_count     bssBANK0     0054
TIMER1_IRQ_Handler@sig_blink_toggle    bssBANK0     0053
TIMER1_IRQ_Handler@temp_enter_counter  bssBANK0     0052
TIMER1_IRQ_Handler@tim1_ovf_count      bssBANK0     0057
TIMER1_IRQ_Handler@tst                 bssBANK0     0051
TIMER2_IRQ_Handler@decode              strings      07F5
TIMER2_IRQ_Handler@digit               bssBANK0     0058
WriteSegVal@newval                     cstackCOMMON 007D
_ADCON0                                (abs)        001F
_ADCON1                                (abs)        009F
_ADC_ClearFlag                         text10       0F82
_ADC_EnableINT                         text9        0F7A
_ADC_IRQ_Handler                       text26       0164
_ADC_Init                              text7        03D3
_ADC_StartConv_NB                      text8        0F7E
_ADRESH                                (abs)        001E
_ADRESL                                (abs)        009E
_Current_Task                          bssBANK0     005D
_DisplayInit                           text5        07BA
_I2C_Halt                              text18       0FC0
_I2C_Init                              text3        0276
_I2C_Receive_NACK                      text17       079A
_I2C_Restart                           text16       0F91
_I2C_Start                             text15       0F9A
_I2C_Stop                              text14       0FA3
_I2C_Transmit                          text13       07D9
_INTCON                                (abs)        000B
_ISR                                   text19       0731
_OPTION_REG                            (abs)        0081
_PIE1                                  (abs)        008C
_PIR1                                  (abs)        000C
_PORTA                                 (abs)        0005
_PORTB                                 (abs)        0006
_PORTC                                 (abs)        0007
_PORTD                                 (abs)        0008
_PR2                                   (abs)        0092
_SSPADD                                (abs)        0093
_SSPBUF                                (abs)        0013
_SSPCON                                (abs)        0014
_SSPCON2                               (abs)        0091
_SSPSTAT                               (abs)        0094
_Seg_Val                               dataBANK0    0066
_T1CON                                 (abs)        0010
_T2CON                                 (abs)        0012
_TIM1_Init                             text2        0FDD
_TIMER1_IRQ_Handler                    text21       003C
_TIMER2_IRQ_Handler                    text20       066A
_TIMER2_SETUP_60HZ                     text6        0FCD
_TMR0                                  (abs)        0001
_TMR1H                                 (abs)        000F
_TMR1L                                 (abs)        000E
_TRISA                                 (abs)        0085
_TRISB                                 (abs)        0086
_TRISC                                 (abs)        0087
_TRISC3                                (abs)        043B
_TRISC4                                (abs)        043C
_TRISD                                 (abs)        0088
_WriteSegVal                           text23       0769
__Habs1                                abs1         0000
__Hbank0                               bank0        0000
__Hbank1                               bank1        0000
__Hbank2                               bank2        0000
__Hbank3                               bank3        0000
__HbssBANK0                            bssBANK0     0000
__Hcinit                               cinit        003C
__Hclrtext                             clrtext      0000
__Hcode                                code         0000
__Hcommon                              common       0000
__Hconfig                              config       2008
__HcstackBANK0                         cstackBANK0  0000
__HcstackBANK1                         cstackBANK1  0000
__HcstackCOMMON                        cstackCOMMON 0000
__HdataBANK0                           dataBANK0    0000
__HdataBANK1                           dataBANK1    0000
__Heeprom_data                         eeprom_data  0000
__Hend_init                            end_init     0015
__Hfunctab                             functab      0000
__HidataBANK0                          idataBANK0   0000
__HidataBANK1                          idataBANK1   0000
__Hinit                                init         0012
__Hinittext                            inittext     0000
__Hintentry                            intentry     0012
__Hmaintext                            maintext     0000
__Hpowerup                             powerup      0000
__Hram                                 ram          0000
__Hreset_vec                           reset_vec    0003
__Hsfr0                                sfr0         0000
__Hsfr1                                sfr1         0000
__Hsfr2                                sfr2         0000
__Hsfr3                                sfr3         0000
__Hspace_0                             (abs)        1000
__Hspace_1                             (abs)        00AE
__Hspace_2                             (abs)        0000
__Hspace_3                             (abs)        0000
__Hspace_4                             (abs)        400F
__Hstack                               stack        0000
__Hstrings                             strings      0000
__Htext                                text         0000
__Labs1                                abs1         0000
__Lbank0                               bank0        0000
__Lbank1                               bank1        0000
__Lbank2                               bank2        0000
__Lbank3                               bank3        0000
__LbssBANK0                            bssBANK0     0000
__Lcinit                               cinit        0015
__Lclrtext                             clrtext      0000
__Lcode                                code         0000
__Lcommon                              common       0000
__Lconfig                              config       0000
__LcstackBANK0                         cstackBANK0  0000
__LcstackBANK1                         cstackBANK1  0000
__LcstackCOMMON                        cstackCOMMON 0000
__LdataBANK0                           dataBANK0    0000
__LdataBANK1                           dataBANK1    0000
__Leeprom_data                         eeprom_data  0000
__Lend_init                            end_init     0012
__Lfunctab                             functab      0000
__LidataBANK0                          idataBANK0   0000
__LidataBANK1                          idataBANK1   0000
__Linit                                init         0012
__Linittext                            inittext     0000
__Lintentry                            intentry     0004
__Lmaintext                            maintext     0000
__Lpowerup                             powerup      0000
__Lram                                 ram          0000
__Lreset_vec                           reset_vec    0000
__Lsfr0                                sfr0         0000
__Lsfr1                                sfr1         0000
__Lsfr2                                sfr2         0000
__Lsfr3                                sfr3         0000
__Lspace_0                             (abs)        0000
__Lspace_1                             (abs)        0000
__Lspace_2                             (abs)        0000
__Lspace_3                             (abs)        0000
__Lspace_4                             (abs)        0000
__Lstack                               stack        0000
__Lstrings                             strings      0000
__Ltext                                text         0000
__S0                                   (abs)        1000
__S1                                   (abs)        00AE
__S2                                   (abs)        0000
__S3                                   (abs)        0000
___awdiv                               text25       05AA
___awdiv@counter                       cstackCOMMON 0074
___awdiv@dividend                      cstackCOMMON 0072
___awdiv@divisor                       cstackCOMMON 0070
___awdiv@quotient                      cstackCOMMON 0076
___awdiv@sign                          cstackCOMMON 0075
___awmod                               text24       0611
___awmod@counter                       cstackCOMMON 0074
___awmod@dividend                      cstackCOMMON 0072
___awmod@divisor                       cstackCOMMON 0070
___awmod@sign                          cstackCOMMON 0075
___int_sp                              stack        0000
___latbits                             (abs)        0002
___lldiv                               text4        0542
___lldiv@counter                       cstackBANK0  0033
___lldiv@dividend                      cstackBANK0  002A
___lldiv@divisor                       cstackBANK0  0026
___lldiv@quotient                      cstackBANK0  002F
___lwdiv                               text27       06AE
___lwdiv@counter                       cstackCOMMON 0076
___lwdiv@dividend                      cstackCOMMON 0072
___lwdiv@divisor                       cstackCOMMON 0070
___lwdiv@quotient                      cstackCOMMON 0074
___sp                                  stack        0000
___stackhi                             (abs)        0000
___stacklo                             (abs)        0000
__end_ofTIMER2_IRQ_Handler@decode      strings      07FF
__end_of_ADC_ClearFlag                 text10       0F89
__end_of_ADC_EnableINT                 text9        0F7E
__end_of_ADC_IRQ_Handler               text26       0276
__end_of_ADC_Init                      text7        046A
__end_of_ADC_StartConv_NB              text8        0F82
__end_of_DisplayInit                   text5        07D9
__end_of_I2C_Halt                      text18       0FCD
__end_of_I2C_Init                      text3        0334
__end_of_I2C_Receive_NACK              text17       07BA
__end_of_I2C_Restart                   text16       0F9A
__end_of_I2C_Start                     text15       0FA3
__end_of_I2C_Stop                      text14       0FAC
__end_of_I2C_Transmit                  text13       07EF
__end_of_ISR                           text19       0769
__end_of_TIM1_Init                     text2        0FED
__end_of_TIMER1_IRQ_Handler            text21       0164
__end_of_TIMER2_IRQ_Handler            text20       06AE
__end_of_TIMER2_SETUP_60HZ             text6        0FDD
__end_of_WriteSegVal                   text23       079A
__end_of___awdiv                       text25       0611
__end_of___awmod                       text24       066A
__end_of___lldiv                       text4        05AA
__end_of___lwdiv                       text27       06F2
__end_of__initialization               cinit        0038
__end_of__stringtab                    strings      07F5
__end_of_eepByteRead                   text12       04D9
__end_of_eepByteWrite                  text11       0731
__end_of_main                          maintext     03D3
__end_of_system_startup                text1        0542
__end_ofi1_ADC_StartConv_NB            text22       0F7A
__initialization                       cinit        0015
__pbssBANK0                            bssBANK0     004C
__pcstackBANK0                         cstackBANK0  0020
__pcstackBANK1                         cstackBANK1  00A9
__pcstackCOMMON                        cstackCOMMON 0070
__pdataBANK0                           dataBANK0    005E
__pdataBANK1                           dataBANK1    00A0
__pidataBANK0                          idataBANK0   0FB5
__pidataBANK1                          idataBANK1   0FAC
__pintentry                            intentry     0004
__pmaintext                            maintext     0334
__pstrings                             strings      07EF
__ptext1                               text1        04D9
__ptext10                              text10       0F82
__ptext11                              text11       06F2
__ptext12                              text12       046A
__ptext13                              text13       07D9
__ptext14                              text14       0FA3
__ptext15                              text15       0F9A
__ptext16                              text16       0F91
__ptext17                              text17       079A
__ptext18                              text18       0FC0
__ptext19                              text19       0731
__ptext2                               text2        0FDD
__ptext20                              text20       066A
__ptext21                              text21       003C
__ptext22                              text22       0F76
__ptext23                              text23       0769
__ptext24                              text24       0611
__ptext25                              text25       05AA
__ptext26                              text26       0164
__ptext27                              text27       06AE
__ptext3                               text3        0276
__ptext4                               text4        0542
__ptext5                               text5        07BA
__ptext6                               text6        0FCD
__ptext7                               text7        03D3
__ptext8                               text8        0F7E
__ptext9                               text9        0F7A
__size_of_ADC_ClearFlag                (abs)        0000
__size_of_ADC_EnableINT                (abs)        0000
__size_of_ADC_IRQ_Handler              (abs)        0000
__size_of_ADC_Init                     (abs)        0000
__size_of_ADC_StartConv_NB             (abs)        0000
__size_of_DisplayInit                  (abs)        0000
__size_of_I2C_Halt                     (abs)        0000
__size_of_I2C_Init                     (abs)        0000
__size_of_I2C_Receive_NACK             (abs)        0000
__size_of_I2C_Restart                  (abs)        0000
__size_of_I2C_Start                    (abs)        0000
__size_of_I2C_Stop                     (abs)        0000
__size_of_I2C_Transmit                 (abs)        0000
__size_of_ISR                          (abs)        0000
__size_of_TIM1_Init                    (abs)        0000
__size_of_TIMER1_IRQ_Handler           (abs)        0000
__size_of_TIMER2_IRQ_Handler           (abs)        0000
__size_of_TIMER2_SETUP_60HZ            (abs)        0000
__size_of_WriteSegVal                  (abs)        0000
__size_of___awdiv                      (abs)        0000
__size_of___awmod                      (abs)        0000
__size_of___lldiv                      (abs)        0000
__size_of___lwdiv                      (abs)        0000
__size_of_eepByteRead                  (abs)        0000
__size_of_eepByteWrite                 (abs)        0000
__size_of_main                         (abs)        0000
__size_of_system_startup               (abs)        0000
__size_ofi1_ADC_StartConv_NB           (abs)        0000
__stringbase                           strings      07F4
__stringtab                            strings      07EF
_average_temp                          dataBANK0    0064
_cooler_state                          bssBANK0     0059
_desired_temp                          dataBANK0    0067
_device_state                          bssBANK0     005B
_display_mode                          dataBANK0    0068
_display_state                         bssBANK0     005C
_eepByteRead                           text12       046A
_eepByteWrite                          text11       06F2
_heater_state                          bssBANK0     005A
_main                                  maintext     0334
_main$151                              cstackBANK1  00AB
_system_startup                        text1        04D9
btemp                                  (abs)        007E
clear_ram0                             clrtext      0F89
eepByteRead@Addr                       cstackBANK0  0027
eepByteRead@error_check                cstackBANK0  002C
eepByteRead@temp                       cstackBANK0  002B
eepByteWrite@Addr                      cstackBANK0  0027
eepByteWrite@bval                      cstackBANK0  002B
eepByteWrite@error_check               cstackBANK0  002C
end_of_initialization                  cinit        0038
i1_ADC_StartConv_NB                    text22       0F76
init_fetch0                            inittext     0FED
init_ram0                              inittext     0FF1
interrupt_function                     intentry     0004
intlevel0                              functab      0000
intlevel1                              functab      0000
intlevel2                              functab      0000
intlevel3                              functab      0000
intlevel4                              functab      0000
intlevel5                              functab      0000
main@val                               cstackBANK1  00AD
reset_vec                              reset_vec    0000
saved_w                                (abs)        007E
start                                  init         0012
start_initialization                   cinit        0015
system_startup@F1177                   dataBANK0    005E
system_startup@F1179                   dataBANK1    00A0
system_startup@my_i2c_s                cstackBANK0  0043
system_startup@my_s                    cstackBANK0  003D
wtemp0                                 (abs)        007E


FUNCTION INFORMATION:

 *************** function _main *****************
 Defined at:
		line 72 in file "src/main.c"
 Parameters:    Size  Location     Type
		None
 Auto vars:     Size  Location     Type
  val             1    4[BANK1 ] unsigned char 
 Return value:  Size  Location     Type
                  1    wreg      void 
 Registers used:
		wreg, fsr0l, fsr0h, status,2, status,0, btemp+1, pclath, cstack
 Tracked objects:
		On entry : 
		On exit  : 
		Unchanged: 
 Data sizes:     COMMON   BANK0   BANK1   BANK3   BANK2
      Params:         0       0       0       0       0
      Locals:         0       0       3       0       0
      Temps:          0       0       2       0       0
      Totals:         0       0       5       0       0
Total ram usage:        5 bytes
 Hardware stack levels required when called:    7
 This function calls:
		_eepByteRead
		_eepByteWrite
		_system_startup
 This function is called by:
		Startup code after reset
 This function uses a non-reentrant model


 *************** function _system_startup *****************
 Defined at:
		line 7 in file "src/main.c"
 Parameters:    Size  Location     Type
		None
 Auto vars:     Size  Location     Type
  my_i2c_s        9   35[BANK0 ] struct .
  my_s            6   29[BANK0 ] struct .
 Return value:  Size  Location     Type
                  1    wreg      void 
 Registers used:
		wreg, fsr0l, fsr0h, status,2, status,0, btemp+1, pclath, cstack
 Tracked objects:
		On entry : 
		On exit  : 
		Unchanged: 
 Data sizes:     COMMON   BANK0   BANK1   BANK3   BANK2
      Params:         0       0       0       0       0
      Locals:         0      15       0       0       0
      Temps:          0       4       0       0       0
      Totals:         0      19       0       0       0
Total ram usage:       19 bytes
 Hardware stack levels used:    1
 Hardware stack levels required when called:    6
 This function calls:
		_ADC_Init
		_DisplayInit
		_I2C_Init
		_TIM1_Init
 This function is called by:
		_main
 This function uses a non-reentrant model


 *************** function _TIM1_Init *****************
 Defined at:
		line 28 in file "Drivers/src/pic_tim1.c"
 Parameters:    Size  Location     Type
		None
 Auto vars:     Size  Location     Type
		None
 Return value:  Size  Location     Type
                  1    wreg      void 
 Registers used:
		wreg, status,2, status,0, btemp+1
 Tracked objects:
		On entry : 
		On exit  : 
		Unchanged: 
 Data sizes:     COMMON   BANK0   BANK1   BANK3   BANK2
      Params:         0       0       0       0       0
      Locals:         0       0       0       0       0
      Temps:          0       0       0       0       0
      Totals:         0       0       0       0       0
Total ram usage:        0 bytes
 Hardware stack levels used:    1
 Hardware stack levels required when called:    4
 This function calls:
		Nothing
 This function is called by:
		_system_startup
 This function uses a non-reentrant model


 *************** function _I2C_Init *****************
 Defined at:
		line 34 in file "Drivers/src/pic_i2c.c"
 Parameters:    Size  Location     Type
  i2ch            1    wreg     PTR struct .
		 -> system_startup@my_i2c_s(9), 
 Auto vars:     Size  Location     Type
  i2ch            1   24[BANK0 ] PTR struct .
		 -> system_startup@my_i2c_s(9), 
 Return value:  Size  Location     Type
                  1    wreg      char 
 Registers used:
		wreg, fsr0l, fsr0h, status,2, status,0, btemp+1, pclath, cstack
 Tracked objects:
		On entry : 
		On exit  : 
		Unchanged: 
 Data sizes:     COMMON   BANK0   BANK1   BANK3   BANK2
      Params:         0       0       0       0       0
      Locals:         0       1       0       0       0
      Temps:          0       4       0       0       0
      Totals:         0       5       0       0       0
Total ram usage:        5 bytes
 Hardware stack levels used:    1
 Hardware stack levels required when called:    5
 This function calls:
		___lldiv
 This function is called by:
		_system_startup
 This function uses a non-reentrant model


 *************** function ___lldiv *****************
 Defined at:
		line 5 in file "C:\Program Files\Microchip\xc8\v2.20\pic\sources\c90\common\__lldiv.c"
 Parameters:    Size  Location     Type
  divisor         4    6[BANK0 ] unsigned long 
  dividend        4   10[BANK0 ] unsigned long 
 Auto vars:     Size  Location     Type
  quotient        4   15[BANK0 ] unsigned long 
  counter         1   19[BANK0 ] unsigned char 
 Return value:  Size  Location     Type
                  4    6[BANK0 ] unsigned long 
 Registers used:
		wreg, status,2, status,0, btemp+1
 Tracked objects:
		On entry : 
		On exit  : 
		Unchanged: 
 Data sizes:     COMMON   BANK0   BANK1   BANK3   BANK2
      Params:         0       8       0       0       0
      Locals:         0       5       0       0       0
      Temps:          0       1       0       0       0
      Totals:         0      14       0       0       0
Total ram usage:       14 bytes
 Hardware stack levels used:    1
 Hardware stack levels required when called:    4
 This function calls:
		Nothing
 This function is called by:
		_I2C_Init
 This function uses a non-reentrant model


 *************** function _DisplayInit *****************
 Defined at:
		line 74 in file "Drivers/src/pic_tim1.c"
 Parameters:    Size  Location     Type
		None
 Auto vars:     Size  Location     Type
		None
 Return value:  Size  Location     Type
                  1    wreg      void 
 Registers used:
		wreg, status,2, status,0, btemp+1, pclath, cstack
 Tracked objects:
		On entry : 
		On exit  : 
		Unchanged: 
 Data sizes:     COMMON   BANK0   BANK1   BANK3   BANK2
      Params:         0       0       0       0       0
      Locals:         0       0       0       0       0
      Temps:          0       0       0       0       0
      Totals:         0       0       0       0       0
Total ram usage:        0 bytes
 Hardware stack levels used:    1
 Hardware stack levels required when called:    5
 This function calls:
		_TIMER2_SETUP_60HZ
 This function is called by:
		_system_startup
 This function uses a non-reentrant model


 *************** function _TIMER2_SETUP_60HZ *****************
 Defined at:
		line 53 in file "Drivers/src/pic_tim1.c"
 Parameters:    Size  Location     Type
		None
 Auto vars:     Size  Location     Type
		None
 Return value:  Size  Location     Type
                  1    wreg      void 
 Registers used:
		wreg, status,2, status,0, btemp+1
 Tracked objects:
		On entry : 
		On exit  : 
		Unchanged: 
 Data sizes:     COMMON   BANK0   BANK1   BANK3   BANK2
      Params:         0       0       0       0       0
      Locals:         0       0       0       0       0
      Temps:          0       0       0       0       0
      Totals:         0       0       0       0       0
Total ram usage:        0 bytes
 Hardware stack levels used:    1
 Hardware stack levels required when called:    4
 This function calls:
		Nothing
 This function is called by:
		_DisplayInit
 This function uses a non-reentrant model


 *************** function _ADC_Init *****************
 Defined at:
		line 115 in file "Drivers/src/pic_adc.c"
 Parameters:    Size  Location     Type
  config_s_ptr    1    wreg     PTR struct .
		 -> system_startup@my_s(6), 
 Auto vars:     Size  Location     Type
  config_s_ptr    1   10[BANK0 ] PTR struct .
		 -> system_startup@my_s(6), 
 Return value:  Size  Location     Type
                  1    wreg      char 
 Registers used:
		wreg, fsr0l, fsr0h, status,2, status,0, btemp+1, pclath, cstack
 Tracked objects:
		On entry : 
		On exit  : 
		Unchanged: 
 Data sizes:     COMMON   BANK0   BANK1   BANK3   BANK2
      Params:         0       0       0       0       0
      Locals:         0       1       0       0       0
      Temps:          0       4       0       0       0
      Totals:         0       5       0       0       0
Total ram usage:        5 bytes
 Hardware stack levels used:    1
 Hardware stack levels required when called:    5
 This function calls:
		_ADC_ClearFlag
		_ADC_EnableINT
		_ADC_StartConv_NB
 This function is called by:
		_system_startup
 This function uses a non-reentrant model


 *************** function _ADC_StartConv_NB *****************
 Defined at:
		line 82 in file "Drivers/src/pic_adc.c"
 Parameters:    Size  Location     Type
		None
 Auto vars:     Size  Location     Type
		None
 Return value:  Size  Location     Type
                  1    wreg      void 
 Registers used:
		None
 Tracked objects:
		On entry : 
		On exit  : 
		Unchanged: 
 Data sizes:     COMMON   BANK0   BANK1   BANK3   BANK2
      Params:         0       0       0       0       0
      Locals:         0       0       0       0       0
      Temps:          0       0       0       0       0
      Totals:         0       0       0       0       0
Total ram usage:        0 bytes
 Hardware stack levels used:    1
 Hardware stack levels required when called:    4
 This function calls:
		Nothing
 This function is called by:
		_ADC_Init
 This function uses a non-reentrant model


 *************** function _ADC_EnableINT *****************
 Defined at:
		line 43 in file "Drivers/src/pic_adc.c"
 Parameters:    Size  Location     Type
		None
 Auto vars:     Size  Location     Type
		None
 Return value:  Size  Location     Type
                  1    wreg      void 
 Registers used:
		None
 Tracked objects:
		On entry : 
		On exit  : 
		Unchanged: 
 Data sizes:     COMMON   BANK0   BANK1   BANK3   BANK2
      Params:         0       0       0       0       0
      Locals:         0       0       0       0       0
      Temps:          0       0       0       0       0
      Totals:         0       0       0       0       0
Total ram usage:        0 bytes
 Hardware stack levels used:    1
 Hardware stack levels required when called:    4
 This function calls:
		Nothing
 This function is called by:
		_ADC_Init
 This function uses a non-reentrant model


 *************** function _ADC_ClearFlag *****************
 Defined at:
		line 35 in file "Drivers/src/pic_adc.c"
 Parameters:    Size  Location     Type
		None
 Auto vars:     Size  Location     Type
		None
 Return value:  Size  Location     Type
                  1    wreg      void 
 Registers used:
		wreg, status,2, status,0, btemp+1
 Tracked objects:
		On entry : 
		On exit  : 
		Unchanged: 
 Data sizes:     COMMON   BANK0   BANK1   BANK3   BANK2
      Params:         0       0       0       0       0
      Locals:         0       0       0       0       0
      Temps:          0       0       0       0       0
      Totals:         0       0       0       0       0
Total ram usage:        0 bytes
 Hardware stack levels used:    1
 Hardware stack levels required when called:    4
 This function calls:
		Nothing
 This function is called by:
		_ADC_Init
 This function uses a non-reentrant model


 *************** function _eepByteWrite *****************
 Defined at:
		line 30 in file "Drivers/src/eep.c"
 Parameters:    Size  Location     Type
  bval            1    wreg     unsigned char 
  Addr            2    7[BANK0 ] unsigned int 
 Auto vars:     Size  Location     Type
  bval            1   11[BANK0 ] unsigned char 
  error_check     1   12[BANK0 ] unsigned char 
 Return value:  Size  Location     Type
                  1    wreg      char 
 Registers used:
		wreg, status,2, status,0, btemp+1, pclath, cstack
 Tracked objects:
		On entry : 
		On exit  : 
		Unchanged: 
 Data sizes:     COMMON   BANK0   BANK1   BANK3   BANK2
      Params:         0       2       0       0       0
      Locals:         0       2       0       0       0
      Temps:          0       2       0       0       0
      Totals:         0       6       0       0       0
Total ram usage:        6 bytes
 Hardware stack levels used:    1
 Hardware stack levels required when called:    6
 This function calls:
		_I2C_Start
		_I2C_Stop
		_I2C_Transmit
 This function is called by:
		_main
 This function uses a non-reentrant model


 *************** function _eepByteRead *****************
 Defined at:
		line 56 in file "Drivers/src/eep.c"
 Parameters:    Size  Location     Type
  Addr            2    7[BANK0 ] unsigned int 
 Auto vars:     Size  Location     Type
  error_check     1   12[BANK0 ] unsigned char 
  temp            1   11[BANK0 ] unsigned char 
 Return value:  Size  Location     Type
                  2    7[BANK0 ] int 
 Registers used:
		wreg, status,2, status,0, btemp+1, pclath, cstack
 Tracked objects:
		On entry : 
		On exit  : 
		Unchanged: 
 Data sizes:     COMMON   BANK0   BANK1   BANK3   BANK2
      Params:         0       2       0       0       0
      Locals:         0       2       0       0       0
      Temps:          0       2       0       0       0
      Totals:         0       6       0       0       0
Total ram usage:        6 bytes
 Hardware stack levels used:    1
 Hardware stack levels required when called:    6
 This function calls:
		_I2C_Receive_NACK
		_I2C_Restart
		_I2C_Start
		_I2C_Stop
		_I2C_Transmit
 This function is called by:
		_main
 This function uses a non-reentrant model


 *************** function _I2C_Transmit *****************
 Defined at:
		line 132 in file "Drivers/src/pic_i2c.c"
 Parameters:    Size  Location     Type
  bval            1    wreg     unsigned char 
 Auto vars:     Size  Location     Type
  bval            1    6[BANK0 ] unsigned char 
 Return value:  Size  Location     Type
                  1    wreg      char 
 Registers used:
		wreg, status,2, status,0, pclath, cstack
 Tracked objects:
		On entry : 
		On exit  : 
		Unchanged: 
 Data sizes:     COMMON   BANK0   BANK1   BANK3   BANK2
      Params:         0       0       0       0       0
      Locals:         0       1       0       0       0
      Temps:          0       0       0       0       0
      Totals:         0       1       0       0       0
Total ram usage:        1 bytes
 Hardware stack levels used:    1
 Hardware stack levels required when called:    5
 This function calls:
		_I2C_Halt
 This function is called by:
		_eepByteWrite
		_eepByteRead
 This function uses a non-reentrant model


 *************** function _I2C_Stop *****************
 Defined at:
		line 109 in file "Drivers/src/pic_i2c.c"
 Parameters:    Size  Location     Type
		None
 Auto vars:     Size  Location     Type
		None
 Return value:  Size  Location     Type
                  1    wreg      void 
 Registers used:
		wreg, status,2, status,0, pclath, cstack
 Tracked objects:
		On entry : 
		On exit  : 
		Unchanged: 
 Data sizes:     COMMON   BANK0   BANK1   BANK3   BANK2
      Params:         0       0       0       0       0
      Locals:         0       0       0       0       0
      Temps:          0       0       0       0       0
      Totals:         0       0       0       0       0
Total ram usage:        0 bytes
 Hardware stack levels used:    1
 Hardware stack levels required when called:    5
 This function calls:
		_I2C_Halt
 This function is called by:
		_eepByteWrite
		_eepByteRead
 This function uses a non-reentrant model


 *************** function _I2C_Start *****************
 Defined at:
		line 100 in file "Drivers/src/pic_i2c.c"
 Parameters:    Size  Location     Type
		None
 Auto vars:     Size  Location     Type
		None
 Return value:  Size  Location     Type
                  1    wreg      void 
 Registers used:
		wreg, status,2, status,0, pclath, cstack
 Tracked objects:
		On entry : 
		On exit  : 
		Unchanged: 
 Data sizes:     COMMON   BANK0   BANK1   BANK3   BANK2
      Params:         0       0       0       0       0
      Locals:         0       0       0       0       0
      Temps:          0       0       0       0       0
      Totals:         0       0       0       0       0
Total ram usage:        0 bytes
 Hardware stack levels used:    1
 Hardware stack levels required when called:    5
 This function calls:
		_I2C_Halt
 This function is called by:
		_eepByteWrite
		_eepByteRead
 This function uses a non-reentrant model


 *************** function _I2C_Restart *****************
 Defined at:
		line 119 in file "Drivers/src/pic_i2c.c"
 Parameters:    Size  Location     Type
		None
 Auto vars:     Size  Location     Type
		None
 Return value:  Size  Location     Type
                  1    wreg      void 
 Registers used:
		wreg, status,2, status,0, pclath, cstack
 Tracked objects:
		On entry : 
		On exit  : 
		Unchanged: 
 Data sizes:     COMMON   BANK0   BANK1   BANK3   BANK2
      Params:         0       0       0       0       0
      Locals:         0       0       0       0       0
      Temps:          0       0       0       0       0
      Totals:         0       0       0       0       0
Total ram usage:        0 bytes
 Hardware stack levels used:    1
 Hardware stack levels required when called:    5
 This function calls:
		_I2C_Halt
 This function is called by:
		_eepByteRead
 This function uses a non-reentrant model


 *************** function _I2C_Receive_NACK *****************
 Defined at:
		line 181 in file "Drivers/src/pic_i2c.c"
 Parameters:    Size  Location     Type
		None
 Auto vars:     Size  Location     Type
  temp            1    6[BANK0 ] unsigned char 
 Return value:  Size  Location     Type
                  1    wreg      unsigned char 
 Registers used:
		wreg, status,2, status,0, btemp+1, pclath, cstack
 Tracked objects:
		On entry : 
		On exit  : 
		Unchanged: 
 Data sizes:     COMMON   BANK0   BANK1   BANK3   BANK2
      Params:         0       0       0       0       0
      Locals:         0       1       0       0       0
      Temps:          0       0       0       0       0
      Totals:         0       1       0       0       0
Total ram usage:        1 bytes
 Hardware stack levels used:    1
 Hardware stack levels required when called:    5
 This function calls:
		_I2C_Halt
 This function is called by:
		_eepByteRead
 This function uses a non-reentrant model


 *************** function _I2C_Halt *****************
 Defined at:
		line 92 in file "Drivers/src/pic_i2c.c"
 Parameters:    Size  Location     Type
		None
 Auto vars:     Size  Location     Type
		None
 Return value:  Size  Location     Type
                  1    wreg      void 
 Registers used:
		wreg, status,2
 Tracked objects:
		On entry : 
		On exit  : 
		Unchanged: 
 Data sizes:     COMMON   BANK0   BANK1   BANK3   BANK2
      Params:         0       0       0       0       0
      Locals:         0       0       0       0       0
      Temps:          0       0       0       0       0
      Totals:         0       0       0       0       0
Total ram usage:        0 bytes
 Hardware stack levels used:    1
 Hardware stack levels required when called:    4
 This function calls:
		Nothing
 This function is called by:
		_I2C_Start
		_I2C_Stop
		_I2C_Restart
		_I2C_Transmit
		_I2C_Receive_NACK
		_I2C_Receive_ACK
 This function uses a non-reentrant model


 *************** function _ISR *****************
 Defined at:
		line 295 in file "src/pic_int.c"
 Parameters:    Size  Location     Type
		None
 Auto vars:     Size  Location     Type
		None
 Return value:  Size  Location     Type
                  1    wreg      void 
 Registers used:
		wreg, fsr0l, fsr0h, status,2, status,0, btemp+1, pclath, cstack
 Tracked objects:
		On entry : 
		On exit  : 
		Unchanged: 
 Data sizes:     COMMON   BANK0   BANK1   BANK3   BANK2
      Params:         0       0       0       0       0
      Locals:         0       0       0       0       0
      Temps:          0       4       0       0       0
      Totals:         0       4       0       0       0
Total ram usage:        4 bytes
 Hardware stack levels used:    1
 Hardware stack levels required when called:    3
 This function calls:
		_ADC_IRQ_Handler
		_TIMER1_IRQ_Handler
		_TIMER2_IRQ_Handler
 This function is called by:
		Interrupt level 1
 This function uses a non-reentrant model


 *************** function _TIMER2_IRQ_Handler *****************
 Defined at:
		line 34 in file "src/pic_int.c"
 Parameters:    Size  Location     Type
		None
 Auto vars:     Size  Location     Type
		None
 Return value:  Size  Location     Type
                  1    wreg      void 
 Registers used:
		wreg, fsr0l, fsr0h, status,2, status,0, btemp+1, pclath
 Tracked objects:
		On entry : 
		On exit  : 
		Unchanged: 
 Data sizes:     COMMON   BANK0   BANK1   BANK3   BANK2
      Params:         0       0       0       0       0
      Locals:         0       0       0       0       0
      Temps:          1       0       0       0       0
      Totals:         1       0       0       0       0
Total ram usage:        1 bytes
 Hardware stack levels used:    2
 This function calls:
		Nothing
 This function is called by:
		_ISR
 This function uses a non-reentrant model


 *************** function _TIMER1_IRQ_Handler *****************
 Defined at:
		line 78 in file "src/pic_int.c"
 Parameters:    Size  Location     Type
		None
 Auto vars:     Size  Location     Type
		None
 Return value:  Size  Location     Type
                  1    wreg      void 
 Registers used:
		wreg, status,2, status,0, btemp+1, pclath, cstack
 Tracked objects:
		On entry : 
		On exit  : 
		Unchanged: 
 Data sizes:     COMMON   BANK0   BANK1   BANK3   BANK2
      Params:         0       0       0       0       0
      Locals:         0       0       0       0       0
      Temps:          0       2       0       0       0
      Totals:         0       2       0       0       0
Total ram usage:        2 bytes
 Hardware stack levels used:    1
 Hardware stack levels required when called:    2
 This function calls:
		_WriteSegVal
		i1_ADC_StartConv_NB
 This function is called by:
		_ISR
 This function uses a non-reentrant model


 *************** function i1_ADC_StartConv_NB *****************
 Defined at:
		line 82 in file "Drivers/src/pic_adc.c"
 Parameters:    Size  Location     Type
		None
 Auto vars:     Size  Location     Type
		None
 Return value:  Size  Location     Type
                  1    wreg      void 
 Registers used:
		None
 Tracked objects:
		On entry : 
		On exit  : 
		Unchanged: 
 Data sizes:     COMMON   BANK0   BANK1   BANK3   BANK2
      Params:         0       0       0       0       0
      Locals:         0       0       0       0       0
      Temps:          0       0       0       0       0
      Totals:         0       0       0       0       0
Total ram usage:        0 bytes
 Hardware stack levels used:    1
 This function calls:
		Nothing
 This function is called by:
		_TIMER1_IRQ_Handler
 This function uses a non-reentrant model


 *************** function _WriteSegVal *****************
 Defined at:
		line 25 in file "src/pic_int.c"
 Parameters:    Size  Location     Type
  newval          1    wreg     unsigned char 
 Auto vars:     Size  Location     Type
  newval          1   13[COMMON] unsigned char 
 Return value:  Size  Location     Type
                  1    wreg      void 
 Registers used:
		wreg, status,2, status,0, btemp+1, pclath, cstack
 Tracked objects:
		On entry : 
		On exit  : 
		Unchanged: 
 Data sizes:     COMMON   BANK0   BANK1   BANK3   BANK2
      Params:         0       0       0       0       0
      Locals:         1       0       0       0       0
      Temps:          5       0       0       0       0
      Totals:         6       0       0       0       0
Total ram usage:        6 bytes
 Hardware stack levels used:    1
 Hardware stack levels required when called:    1
 This function calls:
		___awdiv
		___awmod
 This function is called by:
		_TIMER1_IRQ_Handler
 This function uses a non-reentrant model


 *************** function ___awmod *****************
 Defined at:
		line 5 in file "C:\Program Files\Microchip\xc8\v2.20\pic\sources\c90\common\awmod.c"
 Parameters:    Size  Location     Type
  divisor         2    0[COMMON] int 
  dividend        2    2[COMMON] int 
 Auto vars:     Size  Location     Type
  sign            1    5[COMMON] unsigned char 
  counter         1    4[COMMON] unsigned char 
 Return value:  Size  Location     Type
                  2    0[COMMON] int 
 Registers used:
		wreg, status,2, status,0, btemp+1
 Tracked objects:
		On entry : 
		On exit  : 
		Unchanged: 
 Data sizes:     COMMON   BANK0   BANK1   BANK3   BANK2
      Params:         4       0       0       0       0
      Locals:         2       0       0       0       0
      Temps:          0       0       0       0       0
      Totals:         6       0       0       0       0
Total ram usage:        6 bytes
 Hardware stack levels used:    1
 This function calls:
		Nothing
 This function is called by:
		_WriteSegVal
 This function uses a non-reentrant model


 *************** function ___awdiv *****************
 Defined at:
		line 5 in file "C:\Program Files\Microchip\xc8\v2.20\pic\sources\c90\common\awdiv.c"
 Parameters:    Size  Location     Type
  divisor         2    0[COMMON] int 
  dividend        2    2[COMMON] int 
 Auto vars:     Size  Location     Type
  quotient        2    6[COMMON] int 
  sign            1    5[COMMON] unsigned char 
  counter         1    4[COMMON] unsigned char 
 Return value:  Size  Location     Type
                  2    0[COMMON] int 
 Registers used:
		wreg, status,2, status,0, btemp+1
 Tracked objects:
		On entry : 
		On exit  : 
		Unchanged: 
 Data sizes:     COMMON   BANK0   BANK1   BANK3   BANK2
      Params:         4       0       0       0       0
      Locals:         4       0       0       0       0
      Temps:          0       0       0       0       0
      Totals:         8       0       0       0       0
Total ram usage:        8 bytes
 Hardware stack levels used:    1
 This function calls:
		Nothing
 This function is called by:
		_WriteSegVal
 This function uses a non-reentrant model


 *************** function _ADC_IRQ_Handler *****************
 Defined at:
		line 222 in file "src/pic_int.c"
 Parameters:    Size  Location     Type
		None
 Auto vars:     Size  Location     Type
		None
 Return value:  Size  Location     Type
                  1    wreg      void 
 Registers used:
		wreg, status,2, status,0, btemp+1, pclath, cstack
 Tracked objects:
		On entry : 
		On exit  : 
		Unchanged: 
 Data sizes:     COMMON   BANK0   BANK1   BANK3   BANK2
      Params:         0       0       0       0       0
      Locals:         0       0       0       0       0
      Temps:          3       0       0       0       0
      Totals:         3       0       0       0       0
Total ram usage:        3 bytes
 Hardware stack levels used:    1
 Hardware stack levels required when called:    1
 This function calls:
		___lwdiv
 This function is called by:
		_ISR
 This function uses a non-reentrant model


 *************** function ___lwdiv *****************
 Defined at:
		line 5 in file "C:\Program Files\Microchip\xc8\v2.20\pic\sources\c90\common\lwdiv.c"
 Parameters:    Size  Location     Type
  divisor         2    0[COMMON] unsigned int 
  dividend        2    2[COMMON] unsigned int 
 Auto vars:     Size  Location     Type
  quotient        2    4[COMMON] unsigned int 
  counter         1    6[COMMON] unsigned char 
 Return value:  Size  Location     Type
                  2    0[COMMON] unsigned int 
 Registers used:
		wreg, status,2, status,0, btemp+1
 Tracked objects:
		On entry : 
		On exit  : 
		Unchanged: 
 Data sizes:     COMMON   BANK0   BANK1   BANK3   BANK2
      Params:         4       0       0       0       0
      Locals:         3       0       0       0       0
      Temps:          0       0       0       0       0
      Totals:         7       0       0       0       0
Total ram usage:        7 bytes
 Hardware stack levels used:    1
 This function calls:
		Nothing
 This function is called by:
		_ADC_IRQ_Handler
 This function uses a non-reentrant model



MODULE INFORMATION

Module		Function		Class		Link	Load	Size
C:\Program Files\Microchip\xc8\v2.20\pic\sources\c90\common\__lldiv.c
		___lldiv       		CODE           	0542	0000	105

C:\Program Files\Microchip\xc8\v2.20\pic\sources\c90\common\__lldiv.c estimated size: 105

src/main.c
		_main          		CODE           	0334	0000	160
		_system_startup		CODE           	04D9	0000	106

src/main.c estimated size: 266

Drivers/src/pic_tim1.c
		_TIMER2_SETUP_60HZ		CODE           	0FCD	0000	17
		_TIM1_Init     		CODE           	0FDD	0000	17
		_DisplayInit   		CODE           	07BA	0000	32

Drivers/src/pic_tim1.c estimated size: 66

C:\Program Files\Microchip\xc8\v2.20\pic\sources\c90\common\awmod.c
		___awmod       		CODE           	0611	0000	90

C:\Program Files\Microchip\xc8\v2.20\pic\sources\c90\common\awmod.c estimated size: 90

Drivers/src/pic_i2c.c
		_I2C_Halt      		CODE           	0FC0	0000	14
		_I2C_Transmit  		CODE           	07D9	0000	23
		_I2C_Stop      		CODE           	0FA3	0000	10
		_I2C_Init      		CODE           	0276	0000	191
		_I2C_Receive_NACK		CODE           	079A	0000	33
		_I2C_Start     		CODE           	0F9A	0000	10
		_I2C_Restart   		CODE           	0F91	0000	10

Drivers/src/pic_i2c.c estimated size: 291

shared
		i1_ADC_StartConv_NB		CODE           	0F76	0000	5
		__stringtab    		STRING         	07EF	0000	7
		__initialization		CODE           	0015	0000	36
		TIMER2_IRQ_Handler@decode		STRING         	07F5	0000	11

shared estimated size: 59

C:\Program Files\Microchip\xc8\v2.20\pic\sources\c90\common\lwdiv.c
		___lwdiv       		CODE           	06AE	0000	69

C:\Program Files\Microchip\xc8\v2.20\pic\sources\c90\common\lwdiv.c estimated size: 69

Drivers/src/pic_adc.c
		_ADC_StartConv_NB		CODE           	0F7E	0000	5
		_ADC_ClearFlag 		CODE           	0F82	0000	8
		_ADC_EnableINT 		CODE           	0F7A	0000	5
		_ADC_Init      		CODE           	03D3	0000	152

Drivers/src/pic_adc.c estimated size: 170

src/pic_int.c
		_TIMER2_IRQ_Handler		CODE           	066A	0000	69
		_ISR           		CODE           	0731	0000	57
		_ADC_IRQ_Handler		CODE           	0164	0000	275
		_WriteSegVal   		CODE           	0769	0000	50
		_TIMER1_IRQ_Handler		CODE           	003C	0000	297

src/pic_int.c estimated size: 748

Drivers/src/eep.c
		_eepByteRead   		CODE           	046A	0000	112
		_eepByteWrite  		CODE           	06F2	0000	64

Drivers/src/eep.c estimated size: 176

C:\Program Files\Microchip\xc8\v2.20\pic\sources\c90\common\awdiv.c
		___awdiv       		CODE           	05AA	0000	104

C:\Program Files\Microchip\xc8\v2.20\pic\sources\c90\common\awdiv.c estimated size: 104

